ocaml-mdx: FILE argument: File "test-case.md", line 3: invalid code block:
           cannot mix both block labels syntax
Usage: ocaml-mdx test [OPTION]... FILE
Try `ocaml-mdx test --help' or `ocaml-mdx --help' for more information.
